[2025-10-30T09:01:05.401815+00:00] main.ERROR: InvalidArgumentException: Unsupported sendmail command flags "/usr/local/bin/mhsendmail --smtp-addr='mailhog:1025'"; must be one of "-bs" or "-t" but can include additional flags. in /var/www/html/vendor/symfony/mailer/Transport/SendmailTransport.php:58
Stack trace:
#0 /var/www/html/vendor/symfony/mailer/Transport/NativeTransportFactory.php(33): Symfony\Component\Mailer\Transport\SendmailTransport->__construct('/usr/local/bin/...', NULL, NULL)
#1 /var/www/html/vendor/magento/module-email/Model/Transport.php(212): Symfony\Component\Mailer\Transport\NativeTransportFactory->create(Object(Symfony\Component\Mailer\Transport\Dsn))
#2 /var/www/html/vendor/magento/module-email/Model/Transport.php(153): Magento\Email\Model\Transport->createSendmailTransport()
#3 /var/www/html/vendor/magento/module-email/Model/Transport.php(223): Magento\Email\Model\Transport->getTransport()
#4 /var/www/html/vendor/magento/framework/Interception/Interceptor.php(58): Magento\Email\Model\Transport->sendMessage()
#5 /var/www/html/vendor/magento/framework/Interception/Interceptor.php(138): Magento\Email\Model\Transport\Interceptor->___callParent('sendMessage', Array)
#6 /var/www/html/vendor/magento/module-customer-sample-data/Magento/Framework/Mail/Transport/MailPlugin.php(32): Magento\Email\Model\Transport\Interceptor->{closure:Magento\Framework\Interception\Interceptor::___callPlugins():104}()
#7 /var/www/html/vendor/magento/framework/Interception/Interceptor.php(135): Magento\CustomerSampleData\Magento\Framework\Mail\Transport\MailPlugin->aroundSendMessage(Object(Magento\Email\Model\Transport\Interceptor), Object(Closure))
#8 /var/www/html/vendor/magento/module-email/Model/Mail/TransportInterfacePlugin.php(48): Magento\Email\Model\Transport\Interceptor->{closure:Magento\Framework\Interception\Interceptor::___callPlugins():104}()
#9 /var/www/html/vendor/magento/framework/Interception/Interceptor.php(135): Magento\Email\Model\Mail\TransportInterfacePlugin->aroundSendMessage(Object(Magento\Email\Model\Transport\Interceptor), Object(Closure))
#10 /var/www/html/vendor/magento/framework/Interception/Interceptor.php(153): Magento\Email\Model\Transport\Interceptor->{closure:Magento\Framework\Interception\Interceptor::___callPlugins():104}()
#11 /var/www/html/generated/code/Magento/Email/Model/Transport/Interceptor.php(23): Magento\Email\Model\Transport\Interceptor->___callPlugins('sendMessage', Array, NULL)
#12 /var/www/html/vendor/magento/module-user/Model/Notificator.php(98): Magento\Email\Model\Transport\Interceptor->sendMessage()
#13 /var/www/html/vendor/magento/module-user/Model/Notificator.php(176): Magento\User\Model\Notificator->sendNotification('admin/emails/us...', Array, 'admin@admin.com', 'admin admin')
#14 /var/www/html/vendor/magento/module-user/Model/User.php(506): Magento\User\Model\Notificator->sendUpdated(Object(Magento\User\Model\User\Interceptor), Array)
#15 /var/www/html/vendor/magento/module-backend/Controller/Adminhtml/System/Account/Save.php(88): Magento\User\Model\User->sendNotificationEmailsIfRequired()
#16 /var/www/html/vendor/magento/framework/Interception/Interceptor.php(58): Magento\Backend\Controller\Adminhtml\System\Account\Save->execute()
#17 /var/www/html/vendor/magento/framework/Interception/Interceptor.php(138): Magento\Backend\Controller\Adminhtml\System\Account\Save\Interceptor->___callParent('execute', Array)
#18 /var/www/html/vendor/magento/framework/Interception/Interceptor.php(153): Magento\Backend\Controller\Adminhtml\System\Account\Save\Interceptor->{closure:Magento\Framework\Interception\Interceptor::___callPlugins():104}()
#19 /var/www/html/generated/code/Magento/Backend/Controller/Adminhtml/System/Account/Save/Interceptor.php(23): Magento\Backend\Controller\Adminhtml\System\Account\Save\Interceptor->___callPlugins('execute', Array, Array)
#20 /var/www/html/vendor/magento/framework/App/Action/Action.php(111): Magento\Backend\Controller\Adminhtml\System\Account\Save\Interceptor->execute()
#21 /var/www/html/vendor/magento/module-backend/App/AbstractAction.php(151): Magento\Framework\App\Action\Action->dispatch(Object(Magento\Framework\App\Request\Http))
#22 /var/www/html/vendor/magento/framework/Interception/Interceptor.php(58): Magento\Backend\App\AbstractAction->dispatch(Object(Magento\Framework\App\Request\Http))
#23 /var/www/html/vendor/magento/framework/Interception/Interceptor.php(138): Magento\Backend\Controller\Adminhtml\System\Account\Save\Interceptor->___callParent('dispatch', Array)
#24 /var/www/html/vendor/magento/module-backend/App/Action/Plugin/Authentication.php(145): Magento\Backend\Controller\Adminhtml\System\Account\Save\Interceptor->{closure:Magento\Framework\Interception\Interceptor::___callPlugins():104}(Object(Magento\Framework\App\Request\Http))
#25 /var/www/html/vendor/magento/framework/Interception/Interceptor.php(135): Magento\Backend\App\Action\Plugin\Authentication->aroundDispatch(Object(Magento\Backend\Controller\Adminhtml\System\Account\Save\Interceptor), Object(Closure), Object(Magento\Framework\App\Request\Http))
#26 /var/www/html/vendor/magento/framework/Interception/Interceptor.php(153): Magento\Backend\Controller\Adminhtml\System\Account\Save\Interceptor->{closure:Magento\Framework\Interception\Interceptor::___callPlugins():104}(Object(Magento\Framework\App\Request\Http))
#27 /var/www/html/generated/code/Magento/Backend/Controller/Adminhtml/System/Account/Save/Interceptor.php(32): Magento\Backend\Controller\Adminhtml\System\Account\Save\Interceptor->___callPlugins('dispatch', Array, Array)
#28 /var/www/html/vendor/magento/framework/App/FrontController.php(245): Magento\Backend\Controller\Adminhtml\System\Account\Save\Interceptor->dispatch(Object(Magento\Framework\App\Request\Http))
#29 /var/www/html/vendor/magento/framework/App/FrontController.php(212): Magento\Framework\App\FrontController->getActionResponse(Object(Magento\Backend\Controller\Adminhtml\System\Account\Save\Interceptor), Object(Magento\Framework\App\Request\Http))
#30 /var/www/html/vendor/magento/framework/App/FrontController.php(146): Magento\Framework\App\FrontController->processRequest(Object(Magento\Framework\App\Request\Http), Object(Magento\Backend\Controller\Adminhtml\System\Account\Save\Interceptor))
#31 /var/www/html/vendor/magento/framework/Interception/Interceptor.php(58): Magento\Framework\App\FrontController->dispatch(Object(Magento\Framework\App\Request\Http))
#32 /var/www/html/vendor/magento/framework/Interception/Interceptor.php(138): Magento\Framework\App\FrontController\Interceptor->___callParent('dispatch', Array)
#33 /var/www/html/vendor/magento/framework/Interception/Interceptor.php(153): Magento\Framework\App\FrontController\Interceptor->{closure:Magento\Framework\Interception\Interceptor::___callPlugins():104}(Object(Magento\Framework\App\Request\Http))
#34 /var/www/html/generated/code/Magento/Framework/App/FrontController/Interceptor.php(23): Magento\Framework\App\FrontController\Interceptor->___callPlugins('dispatch', Array, Array)
#35 /var/www/html/vendor/magento/framework/App/Http.php(116): Magento\Framework\App\FrontController\Interceptor->dispatch(Object(Magento\Framework\App\Request\Http))
#36 /var/www/html/vendor/magento/framework/Interception/Interceptor.php(58): Magento\Framework\App\Http->launch()
#37 /var/www/html/vendor/magento/framework/Interception/Interceptor.php(138): Magento\Framework\App\Http\Interceptor->___callParent('launch', Array)
#38 /var/www/html/vendor/magento/module-application-performance-monitor/Plugin/ApplicationPerformanceMonitor.php(38): Magento\Framework\App\Http\Interceptor->{closure:Magento\Framework\Interception\Interceptor::___callPlugins():104}()
#39 /var/www/html/vendor/magento/framework/Interception/Interceptor.php(135): Magento\ApplicationPerformanceMonitor\Plugin\ApplicationPerformanceMonitor->aroundLaunch(Object(Magento\Framework\App\Http\Interceptor), Object(Closure))
#40 /var/www/html/vendor/magento/framework/Interception/Interceptor.php(153): Magento\Framework\App\Http\Interceptor->{closure:Magento\Framework\Interception\Interceptor::___callPlugins():104}()
#41 /var/www/html/generated/code/Magento/Framework/App/Http/Interceptor.php(23): Magento\Framework\App\Http\Interceptor->___callPlugins('launch', Array, NULL)
#42 /var/www/html/vendor/magento/framework/App/Bootstrap.php(264): Magento\Framework\App\Http\Interceptor->launch()
#43 /var/www/html/pub/index.php(30): Magento\Framework\App\Bootstrap->run(Object(Magento\Framework\App\Http\Interceptor))
#44 {main} {"exception":"[object] (InvalidArgumentException(code: 0): Unsupported sendmail command flags \"/usr/local/bin/mhsendmail --smtp-addr='mailhog:1025'\"; must be one of \"-bs\" or \"-t\" but can include additional flags. at /var/www/html/vendor/symfony/mailer/Transport/SendmailTransport.php:58)"} []
